{
    "user_name": "chmikata",
    "passward": "test"
}