{
    "user_name": "chmikata",
    "password": "test"
}